// Jest Snapshot v1, https://goo.gl/fbAQLP

exports[`CollectionPreview component should render Collection component 1`] = `ShallowWrapper {}`;
